\unset ECHO
1..3
ok 1 - Confirm that after lw_initialise the correct row is in the config table
ok 2 - Confirm that the config table has three rows
ok 3 - All should be well here.
